I, [2015-05-31T19:51:11.808681 #24191]  INFO -- : read
I, [2015-05-31T19:51:11.808806 #24191]  INFO -- : nil
I, [2015-05-31T19:52:08.315836 #24220]  INFO -- : read
I, [2015-05-31T19:52:08.315939 #24220]  INFO -- : true
I, [2015-05-31T19:54:35.979651 #24304]  INFO -- : read
I, [2015-05-31T19:54:35.979754 #24304]  INFO -- : true
I, [2015-05-31T19:57:07.604179 #24383]  INFO -- : read
I, [2015-05-31T19:57:07.604307 #24383]  INFO -- : true
I, [2015-05-31T19:57:54.903628 #24411]  INFO -- : read
I, [2015-05-31T19:57:54.903731 #24411]  INFO -- : true
I, [2015-05-31T19:59:56.548404 #24477]  INFO -- : read
I, [2015-05-31T20:03:27.323107 #24588]  INFO -- : read
I, [2015-05-31T20:04:11.687482 #24611]  INFO -- : read
I, [2015-05-31T20:05:40.421505 #24662]  INFO -- : read
I, [2015-05-31T20:05:52.152263 #24669]  INFO -- : read
I, [2015-05-31T20:07:02.459286 #24708]  INFO -- : read
I, [2015-05-31T20:09:16.895135 #24780]  INFO -- : read
I, [2015-05-31T20:09:30.372888 #24787]  INFO -- : read
I, [2015-05-31T20:09:54.390846 #24804]  INFO -- : read
I, [2015-05-31T20:10:39.732734 #24826]  INFO -- : read
I, [2015-05-31T20:11:03.764386 #24839]  INFO -- : read
I, [2015-05-31T20:11:57.153259 #24871]  INFO -- : read
I, [2015-05-31T20:12:15.715517 #24878]  INFO -- : read
I, [2015-05-31T20:12:38.003423 #24895]  INFO -- : read
I, [2015-05-31T20:12:52.995115 #24902]  INFO -- : read
I, [2015-05-31T20:14:37.481014 #24958]  INFO -- : read
I, [2015-05-31T20:14:37.481273 #24958]  INFO -- : Got user 
HarryHirsch
I, [2015-05-31T20:15:13.218424 #24980]  INFO -- : read
I, [2015-05-31T20:15:34.462580 #24992]  INFO -- : read
I, [2015-05-31T20:18:12.573071 #25088]  INFO -- : read
I, [2015-05-31T20:24:27.042934 #25366]  INFO -- : read
I, [2015-05-31T20:26:41.985682 #25442]  INFO -- : read
I, [2015-05-31T20:27:44.662277 #25476]  INFO -- : read
I, [2015-05-31T20:28:15.003857 #25493]  INFO -- : read
I, [2015-05-31T20:29:43.324372 #25542]  INFO -- : read
I, [2015-05-31T20:29:54.220159 #25548]  INFO -- : read
I, [2015-05-31T20:30:20.238085 #25565]  INFO -- : read
I, [2015-05-31T20:31:01.633154 #25588]  INFO -- : read
I, [2015-05-31T20:31:47.658478 #25611]  INFO -- : read
I, [2015-05-31T20:31:47.658737 #25611]  INFO -- : Got user 
HarryHirsch
I, [2015-05-31T20:35:43.876568 #25750]  INFO -- : read
I, [2015-05-31T20:35:57.565962 #25756]  INFO -- : read
I, [2015-05-31T20:35:57.566220 #25756]  INFO -- : Got user 
HarryHirsch
I, [2015-05-31T20:36:03.345031 #25762]  INFO -- : read
I, [2015-05-31T20:36:03.345290 #25762]  INFO -- : Got user 
HarryHirsch
I, [2015-05-31T20:37:33.994503 #25812]  INFO -- : read
I, [2015-05-31T20:37:33.994762 #25812]  INFO -- : Got user 
HarryHirsch
I, [2015-05-31T20:37:47.759644 #25818]  INFO -- : read
I, [2015-05-31T20:37:47.759909 #25818]  INFO -- : Got user 
HarryHirsch
I, [2015-05-31T20:38:14.415297 #25831]  INFO -- : read
I, [2015-05-31T20:38:14.415559 #25831]  INFO -- : Got user 
HarryHirsch
I, [2015-05-31T20:39:22.390840 #25870]  INFO -- : Got user 
HarryHirsch
I, [2015-05-31T20:39:52.159013 #25887]  INFO -- : Got user 
HarryHirsch
I, [2015-05-31T20:40:29.584458 #25909]  INFO -- : Got user 
HarryHirsch
I, [2015-05-31T20:55:24.763144 #26349]  INFO -- : Got user 
HarryHirsch
I, [2015-05-31T20:55:55.990805 #26367]  INFO -- : Got user 
HarryHirsch
I, [2015-05-31T20:56:13.853823 #26378]  INFO -- : Got user 
HarryHirsch
I, [2015-05-31T20:56:41.596638 #26394]  INFO -- : Got user 
HarryHirsch
I, [2015-05-31T21:00:28.232910 #26506]  INFO -- : Got user 
HarryHirsch
I, [2015-05-31T21:01:25.076123 #26533]  INFO -- : Got user 
HarryHirsch
I, [2015-05-31T21:07:07.058897 #26703]  INFO -- : Got user 
HarryHirsch
